perl: warning: Setting locale failed.
perl: warning: Please check that your locale settings:
	LC_ALL = (unset),
	(possibly more locale environment variables)
	LANG = "en_US.UTF-8"
    are supported and installed on your system.
perl: warning: Falling back to the system default locale ("English_Australia.1252").
Initial Win CP for (console input, console output, system): (CP1252, CP65001, CP1252)
I changed them all to CP1252
Rc files read:
  NONE
Latexmk: This is Latexmk, John Collins, 27 Dec. 2024. Version 4.86a.
No existing .aux file, so I'll make a simple one, and require run of *latex.
Latexmk: applying rule 'xelatex'...
Rule 'xelatex':  Reasons for rerun
Category 'other':
  Rerun of 'xelatex' forced or previously required:
    Reason or flag: 'Initial setup'

------------
Run number 1 of rule 'xelatex'
------------
------------
Running 'xelatex -no-pdf -synctex=1 -interaction=batchmode -file-line-error -shell-escape -recorder  "Bachelor_thesis_Luuk_Froling_1.tex"'
------------
This is XeTeX, Version 3.141592653-2.6-0.999995 (MiKTeX 24.1) (preloaded format=xelatex.fmt)
 \write18 enabled.
entering extended mode
SyncTeX written on Bachelor_thesis_Luuk_Froling_1.synctex.gz.
Latexmk: Getting log file 'Bachelor_thesis_Luuk_Froling_1.log'
Latexmk: Examining 'Bachelor_thesis_Luuk_Froling_1.fls'
Latexmk: Examining 'Bachelor_thesis_Luuk_Froling_1.log'
Latexmk: References changed.
Latexmk: Missing input file 'curvenote.png' (or dependence on it) from following:
  LaTeX Warning: File `curvenote.png' not found on input line 47.
Latexmk: Missing input file 'curvenote.png' (or dependence on it) from following:
  LaTeX Warning: File `curvenote.png' not found on input line 55.
Latexmk: Missing input file 'curvenote.png' (or dependence on it) from following:
  LaTeX Warning: File `curvenote.png' not found on input line 69.
Latexmk: Missing input file 'curvenote.png' (or dependence on it) from following:
  LaTeX Warning: File `curvenote.png' not found on input line 103.
Latexmk: Missing input file 'curvenote.png' (or dependence on it) from following:
  LaTeX Warning: File `curvenote.png' not found on input line 125.
Latexmk: Missing input file 'curvenote.png' (or dependence on it) from following:
  LaTeX Warning: File `curvenote.png' not found on input line 140.
Latexmk: Missing input file 'curvenote.png' (or dependence on it) from following:
  LaTeX Warning: File `curvenote.png' not found on input line 160.
Latexmk: Missing input file 'curvenote.png' (or dependence on it) from following:
  LaTeX Warning: File `curvenote.png' not found on input line 184.
Latexmk: Missing input file 'curvenote.png' (or dependence on it) from following:
  LaTeX Warning: File `curvenote.png' not found on input line 201.
Latexmk: Missing input file 'curvenote.png' (or dependence on it) from following:
  LaTeX Warning: File `curvenote.png' not found on input line 234.
Latexmk: Missing input file 'curvenote.png' (or dependence on it) from following:
  LaTeX Warning: File `curvenote.png' not found on input line 264.
Latexmk: Missing input file 'curvenote.png' (or dependence on it) from following:
  LaTeX Warning: File `curvenote.png' not found on input line 279.
Latexmk: Missing input file 'curvenote.png' (or dependence on it) from following:
  LaTeX Warning: File `curvenote.png' not found on input line 280.
Latexmk: Missing input file 'curvenote.png' (or dependence on it) from following:
  LaTeX Warning: File `curvenote.png' not found on input line 310.
Latexmk: Missing input file 'curvenote.png' (or dependence on it) from following:
  LaTeX Warning: File `curvenote.png' not found on input line 337.
Latexmk: Missing input file 'curvenote.png' (or dependence on it) from following:
  LaTeX Warning: File `curvenote.png' not found on input line 341.
Latexmk: Missing input file 'curvenote.png' (or dependence on it) from following:
  LaTeX Warning: File `curvenote.png' not found on input line 369.
Latexmk: Missing input file 'curvenote.png' (or dependence on it) from following:
  LaTeX Warning: File `curvenote.png' not found on input line 402.
Latexmk: Missing input file 'curvenote.png' (or dependence on it) from following:
  LaTeX Warning: File `curvenote.png' not found on input line 427.
Latexmk: Missing input file 'curvenote.png' (or dependence on it) from following:
  LaTeX Warning: File `curvenote.png' not found on input line 440.
Latexmk: Missing input file 'curvenote.png' (or dependence on it) from following:
  LaTeX Warning: File `curvenote.png' not found on input line 476.
Latexmk: Missing input file 'curvenote.png' (or dependence on it) from following:
  LaTeX Warning: File `curvenote.png' not found on input line 479.
Latexmk: Missing input file 'curvenote.png' (or dependence on it) from following:
  LaTeX Warning: File `curvenote.png' not found on input line 487.
Latexmk: Missing bbl file 'Bachelor_thesis_Luuk_Froling_1.bbl' in following:
 No file Bachelor_thesis_Luuk_Froling_1.bbl.
Latexmk: References changed.
Latexmk: References changed.
Latexmk: Log file says output to 'Bachelor_thesis_Luuk_Froling_1.xdv'
Latexmk: Found bibliography file(s):
  ./main.bib
Latexmk: applying rule 'bibtex Bachelor_thesis_Luuk_Froling_1'...
Rule 'bibtex Bachelor_thesis_Luuk_Froling_1':  Reasons for rerun
Category 'other':
  Rerun of 'bibtex Bachelor_thesis_Luuk_Froling_1' forced or previously required:
    Reason or flag: 'Initial set up of rule'

------------
Run number 1 of rule 'bibtex Bachelor_thesis_Luuk_Froling_1'
------------
------------
Running 'bibtex  "Bachelor_thesis_Luuk_Froling_1.aux"'
------------
This is BibTeX, Version 0.99d (MiKTeX 24.1)
The top-level auxiliary file: Bachelor_thesis_Luuk_Froling_1.aux
The style file: abbrvnat.bst
Database file #1: main.bib
Warning--can't use both author and editor fields in kamalian2016ct_principles
(There was 1 warning)
Latexmk: applying rule 'xelatex'...
Rule 'xelatex':  Reasons for rerun
Changed files or newly in use/created:
  Bachelor_thesis_Luuk_Froling_1.aux
  Bachelor_thesis_Luuk_Froling_1.bbl
  Bachelor_thesis_Luuk_Froling_1.out

------------
Run number 2 of rule 'xelatex'
------------
------------
Running 'xelatex -no-pdf -synctex=1 -interaction=batchmode -file-line-error -shell-escape -recorder  "Bachelor_thesis_Luuk_Froling_1.tex"'
------------
This is XeTeX, Version 3.141592653-2.6-0.999995 (MiKTeX 24.1) (preloaded format=xelatex.fmt)
 \write18 enabled.
entering extended mode
SyncTeX written on Bachelor_thesis_Luuk_Froling_1.synctex.gz.
Latexmk: Getting log file 'Bachelor_thesis_Luuk_Froling_1.log'
Latexmk: Examining 'Bachelor_thesis_Luuk_Froling_1.fls'
Latexmk: Examining 'Bachelor_thesis_Luuk_Froling_1.log'
Latexmk: Missing input file 'curvenote.png' (or dependence on it) from following:
  LaTeX Warning: File `curvenote.png' not found on input line 47.
Latexmk: Missing input file 'curvenote.png' (or dependence on it) from following:
  LaTeX Warning: File `curvenote.png' not found on input line 55.
Latexmk: Missing input file 'curvenote.png' (or dependence on it) from following:
  LaTeX Warning: File `curvenote.png' not found on input line 69.
Latexmk: Missing input file 'curvenote.png' (or dependence on it) from following:
  LaTeX Warning: File `curvenote.png' not found on input line 103.
Latexmk: Missing input file 'curvenote.png' (or dependence on it) from following:
  LaTeX Warning: File `curvenote.png' not found on input line 125.
Latexmk: Missing input file 'curvenote.png' (or dependence on it) from following:
  LaTeX Warning: File `curvenote.png' not found on input line 140.
Latexmk: Missing input file 'curvenote.png' (or dependence on it) from following:
  LaTeX Warning: File `curvenote.png' not found on input line 160.
Latexmk: Missing input file 'curvenote.png' (or dependence on it) from following:
  LaTeX Warning: File `curvenote.png' not found on input line 184.
Latexmk: Missing input file 'curvenote.png' (or dependence on it) from following:
  LaTeX Warning: File `curvenote.png' not found on input line 201.
Latexmk: Missing input file 'curvenote.png' (or dependence on it) from following:
  LaTeX Warning: File `curvenote.png' not found on input line 234.
Latexmk: Missing input file 'curvenote.png' (or dependence on it) from following:
  LaTeX Warning: File `curvenote.png' not found on input line 264.
Latexmk: Missing input file 'curvenote.png' (or dependence on it) from following:
  LaTeX Warning: File `curvenote.png' not found on input line 279.
Latexmk: Missing input file 'curvenote.png' (or dependence on it) from following:
  LaTeX Warning: File `curvenote.png' not found on input line 280.
Latexmk: Missing input file 'curvenote.png' (or dependence on it) from following:
  LaTeX Warning: File `curvenote.png' not found on input line 310.
Latexmk: Missing input file 'curvenote.png' (or dependence on it) from following:
  LaTeX Warning: File `curvenote.png' not found on input line 337.
Latexmk: Missing input file 'curvenote.png' (or dependence on it) from following:
  LaTeX Warning: File `curvenote.png' not found on input line 341.
Latexmk: Missing input file 'curvenote.png' (or dependence on it) from following:
  LaTeX Warning: File `curvenote.png' not found on input line 369.
Latexmk: Missing input file 'curvenote.png' (or dependence on it) from following:
  LaTeX Warning: File `curvenote.png' not found on input line 402.
Latexmk: Missing input file 'curvenote.png' (or dependence on it) from following:
  LaTeX Warning: File `curvenote.png' not found on input line 427.
Latexmk: Missing input file 'curvenote.png' (or dependence on it) from following:
  LaTeX Warning: File `curvenote.png' not found on input line 440.
Latexmk: Missing input file 'curvenote.png' (or dependence on it) from following:
  LaTeX Warning: File `curvenote.png' not found on input line 476.
Latexmk: Missing input file 'curvenote.png' (or dependence on it) from following:
  LaTeX Warning: File `curvenote.png' not found on input line 479.
Latexmk: Missing input file 'curvenote.png' (or dependence on it) from following:
  LaTeX Warning: File `curvenote.png' not found on input line 487.
Latexmk: Found input bbl file 'Bachelor_thesis_Luuk_Froling_1.bbl'
Latexmk: Missing input file 'curvenote.png' (or dependence on it) from following:
  LaTeX Warning: File `curvenote.png' not found on input line 158.
Latexmk: Missing input file 'curvenote.png' (or dependence on it) from following:
  LaTeX Warning: File `curvenote.png' not found on input line 490.
Latexmk: References changed.
Latexmk: Log file says output to 'Bachelor_thesis_Luuk_Froling_1.xdv'
Latexmk: Found bibliography file(s):
  ./main.bib
Latexmk: applying rule 'bibtex Bachelor_thesis_Luuk_Froling_1'...
Rule 'bibtex Bachelor_thesis_Luuk_Froling_1':  Reasons for rerun
Changed files or newly in use/created:
  Bachelor_thesis_Luuk_Froling_1.aux

------------
Run number 2 of rule 'bibtex Bachelor_thesis_Luuk_Froling_1'
------------
------------
Running 'bibtex  "Bachelor_thesis_Luuk_Froling_1.aux"'
------------
This is BibTeX, Version 0.99d (MiKTeX 24.1)
The top-level auxiliary file: Bachelor_thesis_Luuk_Froling_1.aux
The style file: abbrvnat.bst
Database file #1: main.bib
Warning--can't use both author and editor fields in kamalian2016ct_principles
(There was 1 warning)
Latexmk: applying rule 'xelatex'...
Rule 'xelatex':  Reasons for rerun
Changed files or newly in use/created:
  Bachelor_thesis_Luuk_Froling_1.aux

------------
Run number 3 of rule 'xelatex'
------------
------------
Running 'xelatex -no-pdf -synctex=1 -interaction=batchmode -file-line-error -shell-escape -recorder  "Bachelor_thesis_Luuk_Froling_1.tex"'
------------
This is XeTeX, Version 3.141592653-2.6-0.999995 (MiKTeX 24.1) (preloaded format=xelatex.fmt)
 \write18 enabled.
entering extended mode
SyncTeX written on Bachelor_thesis_Luuk_Froling_1.synctex.gz.
Latexmk: Getting log file 'Bachelor_thesis_Luuk_Froling_1.log'
Latexmk: Examining 'Bachelor_thesis_Luuk_Froling_1.fls'
Latexmk: Examining 'Bachelor_thesis_Luuk_Froling_1.log'
Latexmk: Missing input file 'curvenote.png' (or dependence on it) from following:
  LaTeX Warning: File `curvenote.png' not found on input line 47.
Latexmk: Missing input file 'curvenote.png' (or dependence on it) from following:
  LaTeX Warning: File `curvenote.png' not found on input line 55.
Latexmk: Missing input file 'curvenote.png' (or dependence on it) from following:
  LaTeX Warning: File `curvenote.png' not found on input line 69.
Latexmk: Missing input file 'curvenote.png' (or dependence on it) from following:
  LaTeX Warning: File `curvenote.png' not found on input line 103.
Latexmk: Missing input file 'curvenote.png' (or dependence on it) from following:
  LaTeX Warning: File `curvenote.png' not found on input line 125.
Latexmk: Missing input file 'curvenote.png' (or dependence on it) from following:
  LaTeX Warning: File `curvenote.png' not found on input line 140.
Latexmk: Missing input file 'curvenote.png' (or dependence on it) from following:
  LaTeX Warning: File `curvenote.png' not found on input line 160.
Latexmk: Missing input file 'curvenote.png' (or dependence on it) from following:
  LaTeX Warning: File `curvenote.png' not found on input line 184.
Latexmk: Missing input file 'curvenote.png' (or dependence on it) from following:
  LaTeX Warning: File `curvenote.png' not found on input line 201.
Latexmk: Missing input file 'curvenote.png' (or dependence on it) from following:
  LaTeX Warning: File `curvenote.png' not found on input line 234.
Latexmk: Missing input file 'curvenote.png' (or dependence on it) from following:
  LaTeX Warning: File `curvenote.png' not found on input line 264.
Latexmk: Missing input file 'curvenote.png' (or dependence on it) from following:
  LaTeX Warning: File `curvenote.png' not found on input line 279.
Latexmk: Missing input file 'curvenote.png' (or dependence on it) from following:
  LaTeX Warning: File `curvenote.png' not found on input line 280.
Latexmk: Missing input file 'curvenote.png' (or dependence on it) from following:
  LaTeX Warning: File `curvenote.png' not found on input line 310.
Latexmk: Missing input file 'curvenote.png' (or dependence on it) from following:
  LaTeX Warning: File `curvenote.png' not found on input line 337.
Latexmk: Missing input file 'curvenote.png' (or dependence on it) from following:
  LaTeX Warning: File `curvenote.png' not found on input line 341.
Latexmk: Missing input file 'curvenote.png' (or dependence on it) from following:
  LaTeX Warning: File `curvenote.png' not found on input line 369.
Latexmk: Missing input file 'curvenote.png' (or dependence on it) from following:
  LaTeX Warning: File `curvenote.png' not found on input line 402.
Latexmk: Missing input file 'curvenote.png' (or dependence on it) from following:
  LaTeX Warning: File `curvenote.png' not found on input line 427.
Latexmk: Missing input file 'curvenote.png' (or dependence on it) from following:
  LaTeX Warning: File `curvenote.png' not found on input line 440.
Latexmk: Missing input file 'curvenote.png' (or dependence on it) from following:
  LaTeX Warning: File `curvenote.png' not found on input line 476.
Latexmk: Missing input file 'curvenote.png' (or dependence on it) from following:
  LaTeX Warning: File `curvenote.png' not found on input line 479.
Latexmk: Missing input file 'curvenote.png' (or dependence on it) from following:
  LaTeX Warning: File `curvenote.png' not found on input line 487.
Latexmk: Found input bbl file 'Bachelor_thesis_Luuk_Froling_1.bbl'
Latexmk: Missing input file 'curvenote.png' (or dependence on it) from following:
  LaTeX Warning: File `curvenote.png' not found on input line 158.
Latexmk: Missing input file 'curvenote.png' (or dependence on it) from following:
  LaTeX Warning: File `curvenote.png' not found on input line 490.
Latexmk: Log file says output to 'Bachelor_thesis_Luuk_Froling_1.xdv'
Latexmk: Found bibliography file(s):
  ./main.bib
Latexmk: applying rule 'xdvipdfmx'...
Rule 'xdvipdfmx':  Reasons for rerun
Changed files or newly in use/created:
  Bachelor_thesis_Luuk_Froling_1.xdv
Category 'changed_source_rules':
  xelatex
Category 'no_dest':
  xdvipdfmx

------------
Run number 1 of rule 'xdvipdfmx'
------------
------------
Running 'xdvipdfmx -E -o "Bachelor_thesis_Luuk_Froling_1.pdf"  "Bachelor_thesis_Luuk_Froling_1.xdv"'
------------
Bachelor_thesis_Luuk_Froling_1.xdv -> Bachelor_thesis_Luuk_Froling_1.pdf
[1
xdvipdfmx:fatal: Image inclusion failed. Could not find file: curvenote.png

No output PDF file written.
Latexmk: Summary of warnings from last run of *latex:
  Latex failed to resolve 2 reference(s)
Latexmk: ====Undefined refs and citations with line #s in .tex file:
  Reference `first' on page 7 undefined on input line 149
  Reference `denselayer' on page 9 undefined on input line 191
Latexmk: Errors, in force_mode: so I tried finishing targets
Collected error summary (may duplicate other messages):
  xdvipdfmx: Command for 'xdvipdfmx' gave return code 256
  xelatex: Command for 'xelatex' gave return code 1
      Refer to 'Bachelor_thesis_Luuk_Froling_1.log' and/or above output for details

Reverting Windows console CPs to (in,out) = (1252,65001)
