\BOOKMARK [1][-]{section*.1}{\376\377\000a\000b\000s\000t\000r\000a\000c\000t}{}% 1
\BOOKMARK [1][-]{section*.2}{\376\377\000I\000n\000t\000r\000o\000d\000u\000c\000t\000i\000o\000n}{}% 2
\BOOKMARK [1][-]{section*.3}{\376\377\000T\000h\000e\000o\000r\000y}{}% 3
\BOOKMARK [2][-]{subsection*.4}{\376\377\000B\000a\000s\000i\000c\000s\000\040\000C\000T\000\040\000s\000c\000a\000n\000s}{section*.3}% 4
\BOOKMARK [2][-]{subsection*.7}{\376\377\000C\000o\000n\000e\000\040\000b\000e\000a\000m\000\040\000C\000T\000\040\000s\000c\000a\000n}{section*.3}% 5
\BOOKMARK [2][-]{subsection*.9}{\376\377\000D\000e\000t\000e\000c\000t\000o\000r\000\040\000t\000y\000p\000e\000s}{section*.3}% 6
\BOOKMARK [2][-]{subsection*.11}{\376\377\000M\000a\000t\000e\000r\000i\000a\000l\000\040\000d\000e\000c\000o\000m\000p\000o\000s\000i\000t\000i\000o\000n}{section*.3}% 7
\BOOKMARK [2][-]{subsection*.15}{\376\377\000P\000r\000o\000j\000e\000c\000t\000i\000o\000n\000\040\000a\000l\000g\000o\000r\000i\000t\000h\000m\000s}{section*.3}% 8
\BOOKMARK [2][-]{subsection*.16}{\376\377\000m\000a\000c\000h\000i\000n\000e\000\040\000l\000e\000a\000r\000n\000i\000n\000g\000\040\000-\000\040\000n\000e\000u\000r\000a\000l\000\040\000n\000e\000t\000w\000o\000r\000k\000s}{section*.3}% 9
\BOOKMARK [2][-]{subsection*.17}{\376\377\000m\000a\000c\000h\000i\000n\000e\000\040\000l\000e\000a\000r\000n\000i\000n\000g\000\040\000-\000\040\000C\000N\000N}{section*.3}% 10
\BOOKMARK [2][-]{subsection*.19}{\376\377\000M\000a\000c\000h\000i\000n\000e\000\040\000l\000e\000a\000r\000n\000i\000n\000g\000\040\000-\000\040\000A\000t\000t\000e\000n\000t\000i\000o\000n}{section*.3}% 11
\BOOKMARK [2][-]{subsection*.21}{\376\377\000M\000a\000c\000h\000i\000n\000e\000\040\000l\000e\000a\000r\000n\000i\000n\000g\000\040\000-\000\040\000U\000N\000e\000t\000\040\000w\000i\000t\000h\000\040\000a\000t\000t\000e\000n\000t\000i\000o\000n}{section*.3}% 12
\BOOKMARK [1][-]{section*.22}{\376\377\000M\000e\000t\000h\000o\000d}{}% 13
\BOOKMARK [2][-]{subsection*.23}{\376\377\000a\000c\000q\000u\000i\000r\000i\000n\000g\000\040\000d\000a\000t\000a}{section*.22}% 14
\BOOKMARK [2][-]{subsection*.25}{\376\377\000A\000t\000t\000e\000n\000t\000i\000o\000n\000\040\000b\000a\000s\000e\000d\000\040\000U\000N\000e\000t}{section*.22}% 15
\BOOKMARK [2][-]{subsection*.27}{\376\377\000c\000u\000r\000r\000i\000c\000u\000l\000u\000m\000\040\000l\000e\000a\000r\000n\000i\000n\000g}{section*.22}% 16
\BOOKMARK [2][-]{subsection*.29}{\376\377\000T\000r\000a\000i\000n\000i\000n\000g\000\040\000o\000n\000\040\000p\000h\000a\000n\000t\000o\000m\000s}{section*.22}% 17
\BOOKMARK [1][-]{section*.30}{\376\377\000r\000e\000s\000u\000l\000t\000s}{}% 18
\BOOKMARK [2][-]{subsection*.31}{\376\377\000p\000l\000o\000t\000\040\000a\000b\000o\000u\000t\000\040\000s\000p\000e\000e\000d\000u\000p\000\040\000\050\000t\000i\000m\000e\000\040\000v\000s\000\040\000p\000i\000x\000e\000l\000\040\000s\000i\000z\000e\000\051}{section*.30}% 19
\BOOKMARK [2][-]{subsection*.32}{\376\377\000p\000l\000o\000t\000\040\000a\000b\000o\000u\000t\000\040\000r\000e\000s\000u\000l\000t\000s\000\040\000f\000o\000r\000\040\0003\0002\000x\0003\0002\000\040\000s\000i\000m\000p\000l\000e\000\040\000p\000h\000a\000n\000t\000o\000m}{section*.30}% 20
\BOOKMARK [2][-]{subsection*.33}{\376\377\000p\000l\000o\000t\000\040\000h\000a\000r\000d\000e\000r\000\040\000p\000h\000a\000n\000t\000o\000m\000\040\000\050\0003\000\040\000f\000e\000a\000t\000u\000r\000e\000s\000\040\000o\000r\000\040\000m\000o\000r\000e\000\051}{section*.30}% 21
\BOOKMARK [1][-]{section*.34}{\376\377\000D\000i\000s\000c\000u\000s\000s\000i\000o\000n}{}% 22
\BOOKMARK [2][-]{subsection*.35}{\376\377\000n\000o\000n\000-\000m\000a\000c\000h\000i\000n\000e\000\040\000l\000e\000a\000r\000n\000i\000n\000g\000\040\000s\000p\000e\000e\000d\000u\000p}{section*.34}% 23
\BOOKMARK [2][-]{subsection*.36}{\376\377\000p\000i\000x\000e\000l\000\040\000s\000i\000z\000e\000\040\000a\000n\000d\000\040\000n\000u\000m\000b\000e\000r\000\040\000o\000f\000\040\000p\000r\000o\000j\000e\000c\000t\000i\000o\000n\000s\000\040\000n\000e\000c\000e\000s\000s\000a\000r\000y}{section*.34}% 24
