perl: warning: Setting locale failed.
perl: warning: Please check that your locale settings:
	LC_ALL = (unset),
	(possibly more locale environment variables)
	LANG = "en_US.UTF-8"
    are supported and installed on your system.
perl: warning: Falling back to the system default locale ("English_Australia.1252").
Initial Win CP for (console input, console output, system): (CP1252, CP65001, CP1252)
I changed them all to CP1252
Rc files read:
  NONE
Latexmk: This is Latexmk, John Collins, 27 Dec. 2024. Version 4.86a.
No existing .aux file, so I'll make a simple one, and require run of *latex.
Latexmk: applying rule 'xelatex'...
Rule 'xelatex':  Reasons for rerun
Category 'other':
  Rerun of 'xelatex' forced or previously required:
    Reason or flag: 'Initial setup'

------------
Run number 1 of rule 'xelatex'
------------
------------
Running 'xelatex -no-pdf -synctex=1 -interaction=batchmode -file-line-error -shell-escape -recorder  "Bachelor_thesis_Luuk_Froling_0.tex"'
------------
This is XeTeX, Version 3.141592653-2.6-0.999995 (MiKTeX 24.1) (preloaded format=xelatex.fmt)
 \write18 enabled.
entering extended mode
SyncTeX written on Bachelor_thesis_Luuk_Froling_0.synctex.gz.
Latexmk: Getting log file 'Bachelor_thesis_Luuk_Froling_0.log'
Latexmk: Examining 'Bachelor_thesis_Luuk_Froling_0.fls'
Latexmk: Examining 'Bachelor_thesis_Luuk_Froling_0.log'
Latexmk: References changed.
Latexmk: Missing input file 'curvenote.png' (or dependence on it) from following:
  LaTeX Warning: File `curvenote.png' not found on input line 47.
Latexmk: Missing input file 'curvenote.png' (or dependence on it) from following:
  LaTeX Warning: File `curvenote.png' not found on input line 102.
Latexmk: Missing input file 'curvenote.png' (or dependence on it) from following:
  LaTeX Warning: File `curvenote.png' not found on input line 148.
Latexmk: Missing input file 'curvenote.png' (or dependence on it) from following:
  LaTeX Warning: File `curvenote.png' not found on input line 189.
Latexmk: Missing input file 'curvenote.png' (or dependence on it) from following:
  LaTeX Warning: File `curvenote.png' not found on input line 49.
Latexmk: Missing input file 'curvenote.png' (or dependence on it) from following:
  LaTeX Warning: File `curvenote.png' not found on input line 51.
Latexmk: Missing input file 'curvenote.png' (or dependence on it) from following:
  LaTeX Warning: File `curvenote.png' not found on input line 53.
Latexmk: Missing input file 'curvenote.png' (or dependence on it) from following:
  LaTeX Warning: File `curvenote.png' not found on input line 199.
Latexmk: Missing input file 'curvenote.png' (or dependence on it) from following:
  LaTeX Warning: File `curvenote.png' not found on input line 199.
Latexmk: Missing input file 'curvenote.png' (or dependence on it) from following:
  LaTeX Warning: File `curvenote.png' not found on input line 199.
Latexmk: Missing input file 'curvenote.png' (or dependence on it) from following:
  LaTeX Warning: File `curvenote.png' not found on input line 231.
Latexmk: Missing input file 'curvenote.png' (or dependence on it) from following:
  LaTeX Warning: File `curvenote.png' not found on input line 55.
Latexmk: Missing input file 'curvenote.png' (or dependence on it) from following:
  LaTeX Warning: File `curvenote.png' not found on input line 109.
Latexmk: Missing input file 'curvenote.png' (or dependence on it) from following:
  LaTeX Warning: File `curvenote.png' not found on input line 136.
Latexmk: Missing input file 'curvenote.png' (or dependence on it) from following:
  LaTeX Warning: File `curvenote.png' not found on input line 57.
Latexmk: Missing input file 'curvenote.png' (or dependence on it) from following:
  LaTeX Warning: File `curvenote.png' not found on input line 99.
Latexmk: Missing input file 'curvenote.png' (or dependence on it) from following:
  LaTeX Warning: File `curvenote.png' not found on input line 110.
Latexmk: Missing input file 'curvenote.png' (or dependence on it) from following:
  LaTeX Warning: File `curvenote.png' not found on input line 59.
Latexmk: Missing input file 'curvenote.png' (or dependence on it) from following:
  LaTeX Warning: File `curvenote.png' not found on input line 115.
Latexmk: Missing input file 'curvenote.png' (or dependence on it) from following:
  LaTeX Warning: File `curvenote.png' not found on input line 119.
Latexmk: Missing input file 'curvenote.png' (or dependence on it) from following:
  LaTeX Warning: File `curvenote.png' not found on input line 167.
Latexmk: Missing input file 'curvenote.png' (or dependence on it) from following:
  LaTeX Warning: File `curvenote.png' not found on input line 61.
Latexmk: Missing input file 'curvenote.png' (or dependence on it) from following:
  LaTeX Warning: File `curvenote.png' not found on input line 61.
Latexmk: Missing input file 'curvenote.png' (or dependence on it) from following:
  LaTeX Warning: File `curvenote.png' not found on input line 82.
Latexmk: Missing input file 'curvenote.png' (or dependence on it) from following:
  LaTeX Warning: File `curvenote.png' not found on input line 151.
Latexmk: Missing input file 'curvenote.png' (or dependence on it) from following:
  LaTeX Warning: File `curvenote.png' not found on input line 224.
Latexmk: Missing input file 'curvenote.png' (or dependence on it) from following:
  LaTeX Warning: File `curvenote.png' not found on input line 228.
Latexmk: Missing input file 'curvenote.png' (or dependence on it) from following:
  LaTeX Warning: File `curvenote.png' not found on input line 287.
Latexmk: Missing input file 'curvenote.png' (or dependence on it) from following:
  LaTeX Warning: File `curvenote.png' not found on input line 353.
Latexmk: Missing input file 'curvenote.png' (or dependence on it) from following:
  LaTeX Warning: File `curvenote.png' not found on input line 63.
Latexmk: Missing input file 'curvenote.png' (or dependence on it) from following:
  LaTeX Warning: File `curvenote.png' not found on input line 105.
Latexmk: Missing input file 'curvenote.png' (or dependence on it) from following:
  LaTeX Warning: File `curvenote.png' not found on input line 109.
Latexmk: Missing input file 'curvenote.png' (or dependence on it) from following:
  LaTeX Warning: File `curvenote.png' not found on input line 142.
Latexmk: Missing input file 'curvenote.png' (or dependence on it) from following:
  LaTeX Warning: File `curvenote.png' not found on input line 195.
Latexmk: Missing input file 'curvenote.png' (or dependence on it) from following:
  LaTeX Warning: File `curvenote.png' not found on input line 276.
Latexmk: Missing input file 'curvenote.png' (or dependence on it) from following:
  LaTeX Warning: File `curvenote.png' not found on input line 276.
Latexmk: Missing input file 'curvenote.png' (or dependence on it) from following:
  LaTeX Warning: File `curvenote.png' not found on input line 314.
Latexmk: Missing input file 'curvenote.png' (or dependence on it) from following:
  LaTeX Warning: File `curvenote.png' not found on input line 65.
Latexmk: References changed.
Latexmk: Log file says output to 'Bachelor_thesis_Luuk_Froling_0.xdv'
Latexmk: applying rule 'xelatex'...
Rule 'xelatex':  Reasons for rerun
Changed files or newly in use/created:
  Bachelor_thesis_Luuk_Froling_0-calculate-rms.aux
  Bachelor_thesis_Luuk_Froling_0-figure-attention-map.aux
  Bachelor_thesis_Luuk_Froling_0-figure-attenuation-coefficients.aux
  Bachelor_thesis_Luuk_Froling_0-figure-reconstruction.aux
  Bachelor_thesis_Luuk_Froling_0-figure-rms.aux
  Bachelor_thesis_Luuk_Froling_0-figure-sinogram.aux
  Bachelor_thesis_Luuk_Froling_0-network.aux
  Bachelor_thesis_Luuk_Froling_0-reconstruction.aux
  Bachelor_thesis_Luuk_Froling_0-trainingdata.aux
  Bachelor_thesis_Luuk_Froling_0.aux
  Bachelor_thesis_Luuk_Froling_0.out

------------
Run number 2 of rule 'xelatex'
------------
------------
Running 'xelatex -no-pdf -synctex=1 -interaction=batchmode -file-line-error -shell-escape -recorder  "Bachelor_thesis_Luuk_Froling_0.tex"'
------------
This is XeTeX, Version 3.141592653-2.6-0.999995 (MiKTeX 24.1) (preloaded format=xelatex.fmt)
 \write18 enabled.
entering extended mode
SyncTeX written on Bachelor_thesis_Luuk_Froling_0.synctex.gz.
Latexmk: Getting log file 'Bachelor_thesis_Luuk_Froling_0.log'
Latexmk: Examining 'Bachelor_thesis_Luuk_Froling_0.fls'
Latexmk: Examining 'Bachelor_thesis_Luuk_Froling_0.log'
Latexmk: Missing input file 'curvenote.png' (or dependence on it) from following:
  LaTeX Warning: File `curvenote.png' not found on input line 47.
Latexmk: Missing input file 'curvenote.png' (or dependence on it) from following:
  LaTeX Warning: File `curvenote.png' not found on input line 102.
Latexmk: Missing input file 'curvenote.png' (or dependence on it) from following:
  LaTeX Warning: File `curvenote.png' not found on input line 148.
Latexmk: Missing input file 'curvenote.png' (or dependence on it) from following:
  LaTeX Warning: File `curvenote.png' not found on input line 189.
Latexmk: Missing input file 'curvenote.png' (or dependence on it) from following:
  LaTeX Warning: File `curvenote.png' not found on input line 49.
Latexmk: Missing input file 'curvenote.png' (or dependence on it) from following:
  LaTeX Warning: File `curvenote.png' not found on input line 51.
Latexmk: Missing input file 'curvenote.png' (or dependence on it) from following:
  LaTeX Warning: File `curvenote.png' not found on input line 53.
Latexmk: Missing input file 'curvenote.png' (or dependence on it) from following:
  LaTeX Warning: File `curvenote.png' not found on input line 199.
Latexmk: Missing input file 'curvenote.png' (or dependence on it) from following:
  LaTeX Warning: File `curvenote.png' not found on input line 199.
Latexmk: Missing input file 'curvenote.png' (or dependence on it) from following:
  LaTeX Warning: File `curvenote.png' not found on input line 199.
Latexmk: Missing input file 'curvenote.png' (or dependence on it) from following:
  LaTeX Warning: File `curvenote.png' not found on input line 231.
Latexmk: Missing input file 'curvenote.png' (or dependence on it) from following:
  LaTeX Warning: File `curvenote.png' not found on input line 55.
Latexmk: Missing input file 'curvenote.png' (or dependence on it) from following:
  LaTeX Warning: File `curvenote.png' not found on input line 109.
Latexmk: Missing input file 'curvenote.png' (or dependence on it) from following:
  LaTeX Warning: File `curvenote.png' not found on input line 136.
Latexmk: Missing input file 'curvenote.png' (or dependence on it) from following:
  LaTeX Warning: File `curvenote.png' not found on input line 57.
Latexmk: Missing input file 'curvenote.png' (or dependence on it) from following:
  LaTeX Warning: File `curvenote.png' not found on input line 99.
Latexmk: Missing input file 'curvenote.png' (or dependence on it) from following:
  LaTeX Warning: File `curvenote.png' not found on input line 110.
Latexmk: Missing input file 'curvenote.png' (or dependence on it) from following:
  LaTeX Warning: File `curvenote.png' not found on input line 59.
Latexmk: Missing input file 'curvenote.png' (or dependence on it) from following:
  LaTeX Warning: File `curvenote.png' not found on input line 115.
Latexmk: Missing input file 'curvenote.png' (or dependence on it) from following:
  LaTeX Warning: File `curvenote.png' not found on input line 119.
Latexmk: Missing input file 'curvenote.png' (or dependence on it) from following:
  LaTeX Warning: File `curvenote.png' not found on input line 167.
Latexmk: Missing input file 'curvenote.png' (or dependence on it) from following:
  LaTeX Warning: File `curvenote.png' not found on input line 61.
Latexmk: Missing input file 'curvenote.png' (or dependence on it) from following:
  LaTeX Warning: File `curvenote.png' not found on input line 61.
Latexmk: Missing input file 'curvenote.png' (or dependence on it) from following:
  LaTeX Warning: File `curvenote.png' not found on input line 82.
Latexmk: Missing input file 'curvenote.png' (or dependence on it) from following:
  LaTeX Warning: File `curvenote.png' not found on input line 151.
Latexmk: Missing input file 'curvenote.png' (or dependence on it) from following:
  LaTeX Warning: File `curvenote.png' not found on input line 224.
Latexmk: Missing input file 'curvenote.png' (or dependence on it) from following:
  LaTeX Warning: File `curvenote.png' not found on input line 228.
Latexmk: Missing input file 'curvenote.png' (or dependence on it) from following:
  LaTeX Warning: File `curvenote.png' not found on input line 287.
Latexmk: Missing input file 'curvenote.png' (or dependence on it) from following:
  LaTeX Warning: File `curvenote.png' not found on input line 353.
Latexmk: Missing input file 'curvenote.png' (or dependence on it) from following:
  LaTeX Warning: File `curvenote.png' not found on input line 63.
Latexmk: Missing input file 'curvenote.png' (or dependence on it) from following:
  LaTeX Warning: File `curvenote.png' not found on input line 105.
Latexmk: Missing input file 'curvenote.png' (or dependence on it) from following:
  LaTeX Warning: File `curvenote.png' not found on input line 109.
Latexmk: Missing input file 'curvenote.png' (or dependence on it) from following:
  LaTeX Warning: File `curvenote.png' not found on input line 142.
Latexmk: Missing input file 'curvenote.png' (or dependence on it) from following:
  LaTeX Warning: File `curvenote.png' not found on input line 195.
Latexmk: Missing input file 'curvenote.png' (or dependence on it) from following:
  LaTeX Warning: File `curvenote.png' not found on input line 276.
Latexmk: Missing input file 'curvenote.png' (or dependence on it) from following:
  LaTeX Warning: File `curvenote.png' not found on input line 276.
Latexmk: Missing input file 'curvenote.png' (or dependence on it) from following:
  LaTeX Warning: File `curvenote.png' not found on input line 314.
Latexmk: Missing input file 'curvenote.png' (or dependence on it) from following:
  LaTeX Warning: File `curvenote.png' not found on input line 65.
Latexmk: Log file says output to 'Bachelor_thesis_Luuk_Froling_0.xdv'
Latexmk: applying rule 'xdvipdfmx'...
Rule 'xdvipdfmx':  Reasons for rerun
Changed files or newly in use/created:
  Bachelor_thesis_Luuk_Froling_0.xdv
Category 'changed_source_rules':
  xelatex
Category 'no_dest':
  xdvipdfmx

------------
Run number 1 of rule 'xdvipdfmx'
------------
------------
Running 'xdvipdfmx -E -o "Bachelor_thesis_Luuk_Froling_0.pdf"  "Bachelor_thesis_Luuk_Froling_0.xdv"'
------------
Bachelor_thesis_Luuk_Froling_0.xdv -> Bachelor_thesis_Luuk_Froling_0.pdf
[1
xdvipdfmx:fatal: Image inclusion failed. Could not find file: curvenote.png

No output PDF file written.
Latexmk: Errors, in force_mode: so I tried finishing targets
Collected error summary (may duplicate other messages):
  xdvipdfmx: Command for 'xdvipdfmx' gave return code 256
  xelatex: Command for 'xelatex' gave return code 1
      Refer to 'Bachelor_thesis_Luuk_Froling_0.log' and/or above output for details

Reverting Windows console CPs to (in,out) = (1252,65001)
